
[1m[46m RUN [49m[22m [36mv3.2.4 [39m[90mC:/DEV/carcassonne-ai[39m

 [32mΓ£ô[39m tests/core/ScoreCalculator.test.ts [2m([22m[2m22 tests[22m[2m)[22m[32m 12[2mms[22m[39m
[90mstdout[2m | tests/debug_double_lake.test.ts[2m > [22m[2mDouble Lake placement ΓÇô realistic scenarios[2m > [22m[2mriver with curves ending northward
[22m[39mAfter 3 tiles, open ends: [ [32m'0,-1'[39m, [32m'-1,0'[39m, [32m'0,1'[39m ]
After 4 tiles, open ends: [ [32m'0,-1'[39m, [32m'-1,0'[39m, [32m'-1,1'[39m ]
After 6 tiles, open ends: [ [32m'0,-1'[39m, [32m'-1,0'[39m, [32m'-2,2'[39m ]

Double lake valid placements: [ { x: [33m0[39m, y: [33m-1[39m }, { x: [33m-1[39m, y: [33m0[39m }, { x: [33m-2[39m, y: [33m2[39m } ]

[90mstdout[2m | tests/debug_double_lake.test.ts[2m > [22m[2mDouble Lake placement ΓÇô realistic scenarios[2m > [22m[2msimple river going north, then try double lake
[22m[39m
Simple river open ends: [ [32m'0,3'[39m ]
Simple river: double lake placements: [ { x: [33m0[39m, y: [33m3[39m } ]

[90mstdout[2m | tests/debug_double_lake.test.ts[2m > [22m[2mDouble Lake placement ΓÇô realistic scenarios[2m > [22m[2mriver ending east, double lake at end
[22m[39m
East-ending river open ends: [ [32m'-2,1'[39m ]
East-ending river: double lake placements: [ { x: [33m-2[39m, y: [33m1[39m } ]

[90mstdout[2m | tests/debug_double_lake.test.ts[2m > [22m[2mDouble Lake placement ΓÇô realistic scenarios[2m > [22m[2mwith starting double source, river going east then south
[22m[39m
Source right EAST: [ [32m'FIELD'[39m, [32m'FIELD'[39m, [32m'FIELD'[39m ]
Source left WEST: [ [32m'CITY'[39m, [32m'CITY'[39m, [32m'CITY'[39m ]
Double source + EΓåÆS open ends: [ [32m'0,-1'[39m, [32m'-1,0'[39m, [32m'2,2'[39m ]
Double source placements: [ { x: [33m0[39m, y: [33m-1[39m }, { x: [33m-1[39m, y: [33m0[39m }, { x: [33m2[39m, y: [33m2[39m } ]

 [32mΓ£ô[39m tests/debug_double_lake.test.ts [2m([22m[2m4 tests[22m[2m)[22m[32m 12[2mms[22m[39m
 [32mΓ£ô[39m tests/core/FeatureDetector.test.ts [2m([22m[2m18 tests[22m[2m)[22m[32m 28[2mms[22m[39m
 [32mΓ£ô[39m tests/core/TilePlacement.test.ts [2m([22m[2m43 tests[22m[2m)[22m[32m 37[2mms[22m[39m
[90mstdout[2m | tests/core/TradersBuilders.test.ts[2m > [22m[2mTraders & Builders C3.1 Edition[2m > [22m[2mtriggers an immediate builder return and grants a double turn when builder feature is extended
[22m[39m[GameEngine] completeTurnTransition: STARTING double turn for player [33m0[39m
[GameEngine] completeTurnTransition: RESULTING state: {
  nextPlayerIndex: [33m0[39m,
  isBuilderBonusTurn: [33mtrue[39m,
  pendingBuilderBonus: [33mfalse[39m,
  numPlayers: [33m2[39m
}

[90mstdout[2m | tests/reproduce_bug.test.ts[2m > [22m[2mMeeple Placement Bug Reproduction[2m > [22m[2mshould not allow placing a meeple on a city occupied by a meeple and a builder
[22m[39m[GameEngine] Ending turn (shifting to next player) { pendingBonus: [33mfalse[39m, isAlreadyBonusTurn: [33mfalse[39m }
[GameEngine] completeTurnTransition: RESULTING state: {
  nextPlayerIndex: [33m1[39m,
  isBuilderBonusTurn: [33mfalse[39m,
  pendingBuilderBonus: [33mfalse[39m,
  numPlayers: [33m2[39m
}
[GameEngine] Ending turn (shifting to next player) { pendingBonus: [33mfalse[39m, isAlreadyBonusTurn: [33mfalse[39m }
[GameEngine] completeTurnTransition: RESULTING state: {
  nextPlayerIndex: [33m1[39m,
  isBuilderBonusTurn: [33mfalse[39m,
  pendingBuilderBonus: [33mfalse[39m,
  numPlayers: [33m2[39m
}
Placeable segments for Bob: [ [32m'field0'[39m, [32m'field1'[39m, [32m'field2'[39m, [32m'road0'[39m ]

 [32mΓ£ô[39m tests/reproduce_bug.test.ts [2m([22m[2m1 test[22m[2m)[22m[32m 21[2mms[22m[39m
[90mstdout[2m | tests/core/TradersBuilders.test.ts[2m > [22m[2mTraders & Builders C3.1 Edition[2m > [22m[2mtriggers RETURN_FARMER sequence when a city adjacent to a pig is completed
[22m[39m[GameEngine] Ending turn (shifting to next player) { pendingBonus: [33mfalse[39m, isAlreadyBonusTurn: [33mfalse[39m }
[GameEngine] completeTurnTransition: RESULTING state: {
  nextPlayerIndex: [33m1[39m,
  isBuilderBonusTurn: [33mfalse[39m,
  pendingBuilderBonus: [33mfalse[39m,
  numPlayers: [33m2[39m
}

[90mstdout[2m | tests/core/TBScoring.test.ts[2m > [22m[2mTraders & Builders C3.1 Scoring Verification[2m > [22m[2mverifies that isBuilderBonusTurn is cleared after the bonus turn ends
[22m[39m[GameEngine] Ending turn (shifting to next player) { pendingBonus: [33mfalse[39m, isAlreadyBonusTurn: [33mtrue[39m }
[GameEngine] completeTurnTransition: RESULTING state: {
  nextPlayerIndex: [33m1[39m,
  isBuilderBonusTurn: [33mfalse[39m,
  pendingBuilderBonus: [33mfalse[39m,
  numPlayers: [33m2[39m
}

 [32mΓ£ô[39m tests/core/TradersBuilders.test.ts [2m([22m[2m5 tests[22m[2m)[22m[32m 28[2mms[22m[39m
 [31mΓ¥»[39m tests/core/TBScoring.test.ts [2m([22m[2m3 tests[22m[2m | [22m[31m2 failed[39m[2m)[22m[32m 29[2mms[22m[39m
[31m   [31m├ù[31m Traders & Builders C3.1 Scoring Verification[2m > [22msuccessfully closes a city using corrected tb31_E and tb31_Q[39m[32m 15[2mms[22m[39m
[31m     ΓåÆ Placement of Q at (0,-1) failed[39m
[31m   [31m├ù[31m Traders & Builders C3.1 Scoring Verification[2m > [22msuccessfully closes a city using tb31_S and base_D[39m[32m 8[2mms[22m[39m
[31m     ΓåÆ expected undefined to be '0,0:city0' // Object.is equality[39m
   [32mΓ£ô[39m Traders & Builders C3.1 Scoring Verification[2m > [22mverifies that isBuilderBonusTurn is cleared after the bonus turn ends[32m 4[2mms[22m[39m
 [31mΓ¥»[39m tests/core/DragonFairyRiver.test.ts [2m([22m[2m3 tests[22m[2m | [22m[31m2 failed[39m[2m)[22m[32m 31[2mms[22m[39m
[31m   [31m├ù[31m Dragon & Fairy River integration[2m > [22minitializes with Double Source as starting tile when both expansions are active[39m[32m 16[2mms[22m[39m
[31m     ΓåÆ expected undefined to be defined[39m
[31m   [31m├ù[31m Dragon & Fairy River integration[2m > [22mvalidates and applies placement for a compound tile (Double Lake)[39m[32m 6[2mms[22m[39m
[31m     ΓåÆ expected undefined to be defined[39m
   [32mΓ£ô[39m Dragon & Fairy River integration[2m > [22mtriggers Dragon Orient phase when Double Lake (Volcano) is placed[32m 3[2mms[22m[39m
 [32mΓ£ô[39m tests/core/InnsCathedrals.test.ts [2m([22m[2m24 tests[22m[2m)[22m[32m 38[2mms[22m[39m
 [32mΓ£ô[39m tests/core/DragonFairy.test.ts [2m([22m[2m31 tests[22m[2m)[22m[32m 55[2mms[22m[39m

[2m Test Files [22m [1m[31m2 failed[39m[22m[2m | [22m[1m[32m8 passed[39m[22m[90m (10)[39m
[2m      Tests [22m [1m[31m4 failed[39m[22m[2m | [22m[1m[32m150 passed[39m[22m[90m (154)[39m
[2m   Start at [22m 22:23:14
[2m   Duration [22m 5.23s[2m (transform 1.77s, setup 3.96s, collect 8.17s, tests 292ms, environment 27.59s, prepare 4.31s)[22m

